// Jest Snapshot v1, https://goo.gl/fbAQLP

exports[`App Unit Test should : <body>
        
              <li
                style="text-decoration: none;"
              >
                Buy groceries1
              </li>
            </
          </div>
        </div>
      </body> 1`] = `
Object {
  "asFragment": [Function],
  "baseElement": <body>
    <div>
      <div>
        <div>
          <form>
            <input />
            <button
              type="submit"
            >
              Add Todo
            </button>
          </form>
        </div>
        <ul>
          <li
            style="text-decoration: none;"
          >
            Buy groceries1
          </li>
        </ul>
        <div>
          <span>
            Show: 
          </span>
          <button
            disabled=""
            style="margin-left: 4px;"
          >
            All
          </button>
          <button
            style="margin-left: 4px;"
          >
            Active
          </button>
          <button
            style="margin-left: 4px;"
          >
            Completed
          </button>
        </div>
      </div>
    </div>
  </body>,
  "container": <div>
    <div>
      <div>
        <form>
          <input />
          <button
            type="submit"
          >
            Add Todo
          </button>
        </form>
      </div>
      <ul>
        <li
          style="text-decoration: none;"
        >
          Buy groceries1
        </li>
      </ul>
      <div>
        <span>
          Show: 
        </span>
        <button
          disabled=""
          style="margin-left: 4px;"
        >
          All
        </button>
        <button
          style="margin-left: 4px;"
        >
          Active
        </button>
        <button
          style="margin-left: 4px;"
        >
          Completed
        </button>
      </div>
    </div>
  </div>,
  "debug": [Function],
  "findAllByAltText": [Function],
  "findAllByDisplayValue": [Function],
  "findAllByLabelText": [Function],
  "findAllByPlaceholderText": [Function],
  "findAllByRole": [Function],
  "findAllByTestId": [Function],
  "findAllByText": [Function],
  "findAllByTitle": [Function],
  "findByAltText": [Function],
  "findByDisplayValue": [Function],
  "findByLabelText": [Function],
  "findByPlaceholderText": [Function],
  "findByRole": [Function],
  "findByTestId": [Function],
  "findByText": [Function],
  "findByTitle": [Function],
  "getAllByAltText": [Function],
  "getAllByDisplayValue": [Function],
  "getAllByLabelText": [Function],
  "getAllByPlaceholderText": [Function],
  "getAllByRole": [Function],
  "getAllByTestId": [Function],
  "getAllByText": [Function],
  "getAllByTitle": [Function],
  "getByAltText": [Function],
  "getByDisplayValue": [Function],
  "getByLabelText": [Function],
  "getByPlaceholderText": [Function],
  "getByRole": [Function],
  "getByTestId": [Function],
  "getByText": [Function],
  "getByTitle": [Function],
  "queryAllByAltText": [Function],
  "queryAllByDisplayValue": [Function],
  "queryAllByLabelText": [Function],
  "queryAllByPlaceholderText": [Function],
  "queryAllByRole": [Function],
  "queryAllByTestId": [Function],
  "queryAllByText": [Function],
  "queryAllByTitle": [Function],
  "queryByAltText": [Function],
  "queryByDisplayValue": [Function],
  "queryByLabelText": [Function],
  "queryByPlaceholderText": [Function],
  "queryByRole": [Function],
  "queryByTestId": [Function],
  "queryByText": [Function],
  "queryByTitle": [Function],
  "rerender": [Function],
  "unmount": [Function],
}
`;

exports[`App Unit Test should : <body>
        <div>
          <div>
            <div>
              <form>
                <input />
                <button
                  type="submit"
                >
                  Add Todo
                </button>
              </form>
            </div>
            <ul>
              <li
                style="text-decoration: none;"
              >
                Buy groceries1
              </li>
            </ul>
            <div>
              <span>
                Show:
              </span>
              <button
                disabled=""
                style="margin-left: 4px;"
              >
                All
              </button5>
              <button
                style="margin-left: 4px;"
              >
                Active
              </button>
              <button
                style="margin-left: 4px;"
              >
                Completed
              </button>
            </div>
          </div>
        </div>
      </body> 1`] = `
Object {
  "asFragment": [Function],
  "baseElement": <body>
    <div>
      <div>
        <div>
          <form>
            <input />
            <button
              type="submit"
            >
              Add Todo
            </button>
          </form>
        </div>
        <ul>
          <li
            style="text-decoration: none;"
          >
            Buy groceries1
          </li>
        </ul>
        <div>
          <span>
            Show: 
          </span>
          <button
            disabled=""
            style="margin-left: 4px;"
          >
            All
          </button>
          <button
            style="margin-left: 4px;"
          >
            Active
          </button>
          <button
            style="margin-left: 4px;"
          >
            Completed
          </button>
        </div>
      </div>
    </div>
  </body>,
  "container": <div>
    <div>
      <div>
        <form>
          <input />
          <button
            type="submit"
          >
            Add Todo
          </button>
        </form>
      </div>
      <ul>
        <li
          style="text-decoration: none;"
        >
          Buy groceries1
        </li>
      </ul>
      <div>
        <span>
          Show: 
        </span>
        <button
          disabled=""
          style="margin-left: 4px;"
        >
          All
        </button>
        <button
          style="margin-left: 4px;"
        >
          Active
        </button>
        <button
          style="margin-left: 4px;"
        >
          Completed
        </button>
      </div>
    </div>
  </div>,
  "debug": [Function],
  "findAllByAltText": [Function],
  "findAllByDisplayValue": [Function],
  "findAllByLabelText": [Function],
  "findAllByPlaceholderText": [Function],
  "findAllByRole": [Function],
  "findAllByTestId": [Function],
  "findAllByText": [Function],
  "findAllByTitle": [Function],
  "findByAltText": [Function],
  "findByDisplayValue": [Function],
  "findByLabelText": [Function],
  "findByPlaceholderText": [Function],
  "findByRole": [Function],
  "findByTestId": [Function],
  "findByText": [Function],
  "findByTitle": [Function],
  "getAllByAltText": [Function],
  "getAllByDisplayValue": [Function],
  "getAllByLabelText": [Function],
  "getAllByPlaceholderText": [Function],
  "getAllByRole": [Function],
  "getAllByTestId": [Function],
  "getAllByText": [Function],
  "getAllByTitle": [Function],
  "getByAltText": [Function],
  "getByDisplayValue": [Function],
  "getByLabelText": [Function],
  "getByPlaceholderText": [Function],
  "getByRole": [Function],
  "getByTestId": [Function],
  "getByText": [Function],
  "getByTitle": [Function],
  "queryAllByAltText": [Function],
  "queryAllByDisplayValue": [Function],
  "queryAllByLabelText": [Function],
  "queryAllByPlaceholderText": [Function],
  "queryAllByRole": [Function],
  "queryAllByTestId": [Function],
  "queryAllByText": [Function],
  "queryAllByTitle": [Function],
  "queryByAltText": [Function],
  "queryByDisplayValue": [Function],
  "queryByLabelText": [Function],
  "queryByPlaceholderText": [Function],
  "queryByRole": [Function],
  "queryByTestId": [Function],
  "queryByText": [Function],
  "queryByTitle": [Function],
  "rerender": [Function],
  "unmount": [Function],
}
`;

exports[`App Unit Test should render AddTodo under div tag: <AddTodo /> 1`] = `<UNDEFINED />`;

exports[`App Unit Test should render Footer under div tag: <Footer /> 1`] = `<Footer />`;

exports[`App Unit Test should render TodoList under div tag: <TodoList /> 1`] = `<UNDEFINED />`;
